{
  "identities": {
    "mock-identity": {
      "kind": "mock",
      "default": true,
      "via": {
        "provider": "mock-provider"
      },
      "principal": {
        "account": {
          "id": "123456789012"
        }
      }
    },
    "mock-identity-2": {
      "kind": "mock",
      "via": {
        "provider": "mock-provider"
      },
      "principal": {
        "account": {
          "id": "987654321098"
        }
      }
    }
  },
  "providers": {
    "mock-provider": {
      "kind": "mock"
    }
  }
}
