

Configure static AWS user credentials (stored securely in keyring)                                                                                                                                                                                                                                                                                                                                                                                                                                                                                                                                                                                                                                                                                                                                                                                                                                                                                                                                                                      

Usage:

  atmos auth user configure [flags]


Flags:

    -h, --help    help for configure


Global Flags:

        --base-path string           Base path for Atmos project

        --config stringSlice         Paths to configuration files
                                     (comma-separated or repeated flag) (default
                                     [])

        --config-path stringSlice    Paths to configuration directories
                                     (comma-separated or repeated flag) (default
                                     [])

        --heatmap                    Show performance heatmap visualization
                                     after command execution (includes P95
                                     latency) (default false)

        --heatmap-mode string        Heatmap visualization mode: bar, sparkline,
                                     table (press 1-3 to switch in TUI) (default
                                     bar)

    -i, --identity string            Specify the target identity to assume.

        --logs-file string           The file to write Atmos logs to. Logs can
                                     be written to any file or any standard file
                                     descriptor, including '/dev/stdout',
                                     '/dev/stderr' and '/dev/null' (default
                                     /dev/stderr)

        --logs-level string          Logs level. Supported log levels are Trace,
                                     Debug, Info, Warning, Off. If the log level
                                     is set to Off, Atmos will not log any
                                     messages (default Info)

        --no-color                   Disable color output (default false)

        --pager string               Enable pager for output (--pager or
                                     --pager=true to enable, --pager=false to
                                     disable, --pager=less to use specific
                                     pager)

        --profile string             Specify the profile to use for
                                     authentication.

        --profile-file string        Write profiling data to file instead of
                                     starting server

        --profile-type string        Type of profile to collect when using
                                     --profile-file. Options: cpu, heap, allocs,
                                     goroutine, block, mutex, threadcreate,
                                     trace (default cpu)

        --profiler-enabled           Enable pprof profiling server (default
                                     false)

        --profiler-host string       Host for pprof profiling server (default
                                     localhost)

        --profiler-port int          Port for pprof profiling server (default
                                     6060)

        --redirect-stderr string     File descriptor to redirect stderr to.
                                     Errors can be redirected to any file or any
                                     standard file descriptor (including
                                     /dev/null)

        --verbose                    Show detailed error messages with full
                                     stack traces (default false)

        --version                    Display the Atmos CLI version


Use atmos auth user configure --help for more information about a command.                                                                                                                                                                                                                                                                                                                                                                                                                                                                                                                                                                                                                                                                                                                                                                                                                                                                                                                                                              


