
This command runs Helmfile commands to manage Kubernetes deployments using Helmfile.                                                                                                                                                                                                                                                                                                                                                                                                                                                                                                                                                                                                                                                                                                                                                                                                                                                                                                                                                    

Usage:

  atmos helmfile [sub-command] [flags]

Aliases:

  helmfile, hf


Available Commands:

  apply                          Apply changes to align the actual state of Helm releases with the desired state.
  destroy                        Destroy the Helm releases for the specified stack.
  diff                           Show differences between the desired and actual state of Helm releases.
  generate                       Generate configurations for Helmfile components
  sync                           Synchronize the state of Helm releases with the desired state without making changes.


Flags:

        --                Use double dashes to separate Atmos-specific options
                          from native arguments and flags for the command.

    -h, --help            help for helmfile (default "false")

    -s, --stack string    atmos helmfile <helmfile_command> <component> -s
                          <stack>


Global Flags:

        --base-path string           Base path for Atmos project

        --config stringSlice         Paths to configuration file (default "[]")

        --config-path stringSlice    Path to configuration directory (default
                                     "[]")

        --logs-file string           The file to write Atmos logs to. Logs can
                                     be written to any file or any standard file
                                     descriptor, including '/dev/stdout',
                                     '/dev/stderr' and '/dev/null' (default
                                     "/dev/stderr")

        --logs-level string          Logs level. Supported log levels are Trace,
                                     Debug, Info, Warning, Off. If the log level
                                     is set to Off, Atmos will not log any
                                     messages (default "Info")

        --redirect-stderr string     File descriptor to redirect 'stderr' to.
                                     Errors can be redirected to any file or any
                                     standard file descriptor (including
                                     '/dev/null'): atmos <command>
                                     --redirect-stderr /dev/stdout


Use atmos helmfile [subcommand] --help for more information about a command.                                                                                                                                                                                                                                                                                                                                                                                                                                                                                                                                                                                                                                                                                                                                                                                                                                                                                                                                                            


╭──────────────────────────────────────────────────────────────╮
│               Update available! test » 1.163.0               │
│ Atmos Releases: https://github.com/cloudposse/atmos/releases │
│          Install Atmos: https://atmos.tools/install          │
╰──────────────────────────────────────────────────────────────╯
