Error: unknown command "non-existent" for "atmos"
Run 'atmos --help' for usage.
unknown command "non-existent" for "atmos"
