Component,Stack
mock/disabled,nonprod
mock/drift,nonprod
mock/nodrift,nonprod
mock/drift,prod
mock/nodrift,prod
