
**Notice:** Telemetry Enabled - Atmos now collects anonymous telemetry regarding usage. This information is used to shape the Atmos roadmap and prioritize features. You can learn more, including how to opt out if you'd prefer not to participate in this anonymous program, by visiting: https://atmos.tools/cli/telemetry
âœ“ Current Authentication Status

  Provider      mock-provider                            
  Identity      mock-identity                            
  Principal     arn:aws:iam::123456789012:user/mock-user 
  Account       123456789012                             
  Region        us-east-1                                
  Expires       2025-10-28 01:28:51 EDT (1h 0m)        
  Last Updated  2025-10-28 00:28:51 EDT                  
