
This command generates configuration files to automate and streamline Terraform workflows with Atlantis.                                                                                                                                                                                                                                                                                                                                                                                                                                                                                                                                                                                                                                                                                                                                                                                                                                                                                                                                               

Usage:

  atmos atlantis generate [sub-command] [flags]


Available Commands:

  repo-config                    Generate repository configuration for Atlantis


Flags:

        --clone-target-ref    Clone the target reference with which to compare
                              the current branch: atmos atlantis generate
                              repo-config --affected-only=true
                              --clone-target-ref=true
                              The flag is only used when '--affected-only=true'
                              If set to 'false' (default), the target reference
                              will be checked out instead
                              This requires that the target reference is already
                              cloned by Git, and the information about it exists
                              in the '.git' directory (default "false")

    -h, --help                help for generate (default "false")


Global Flags:

        --                          Use double dashes to separate Atmos-specific
                                    options from native arguments and flags for
                                    the command. (default "false")

        --logs-file string          The file to write Atmos logs to. Logs can be
                                    written to any file or any standard file
                                    descriptor, including '/dev/stdout',
                                    '/dev/stderr' and '/dev/null' (default
                                    "/dev/stdout")

        --logs-level string         Logs level. Supported log levels are Trace,
                                    Debug, Info, Warning, Off. If the log level
                                    is set to Off, Atmos will not log any
                                    messages (default "Info")

        --redirect-stderr string    File descriptor to redirect 'stderr' to.
                                    Errors can be redirected to any file or any
                                    standard file descriptor (including
                                    '/dev/null'): atmos <command>
                                    --redirect-stderr /dev/stdout

Use [;1m atmos atlantis generate [subcommand] --help[0m for more information about a command.                                                                                                                                                                                                                                                                                                                                                                                                                                                                                                                                                                                                                                                                                                                                                                                                                                                                                                                                                                 
