DEBU no matches found for glob pattern path=/absolute/path/to/repo/tests/fixtures/scenarios/atmos-configuration/.atmos.d/**/*.yaml error="failed to find a match for the import '/absolute/path/to/repo/tests/fixtures/scenarios/atmos-configuration/.atmos.d/**/*.yaml' ('/absolute/path/to/repo/tests/fixtures/scenarios/atmos-configuration/.atmos.d' + '**/*.yaml')"
DEBU no matches found for glob pattern path=/absolute/path/to/repo/tests/fixtures/scenarios/atmos-configuration/.atmos.d/**/*.yml error="failed to find a match for the import '/absolute/path/to/repo/tests/fixtures/scenarios/atmos-configuration/.atmos.d/**/*.yml' ('/absolute/path/to/repo/tests/fixtures/scenarios/atmos-configuration/.atmos.d' + '**/*.yml')"
DEBU Failed to find atmos config file path=/absolute/path/to/repo/tests/fixtures/scenarios/atmos-configuration/.atmos.d/**/* error="failed to find matching files: no files matching patterns found"
DEBU atmos merged config path=/absolute/path/to/repo/tests/fixtures/scenarios/atmos-configuration/atmos.d/commands.yaml
DEBU atmos merged config path=/absolute/path/to/repo/tests/fixtures/scenarios/atmos-configuration/atmos.d/logs.yaml
DEBU atmos merged config path=/absolute/path/to/repo/tests/fixtures/scenarios/atmos-configuration/atmos.d/tools/helmfile.yml
DEBU atmos merged config path=/absolute/path/to/repo/tests/fixtures/scenarios/atmos-configuration/atmos.d/tools/stack.yaml
DEBU atmos merged config path=/absolute/path/to/repo/tests/fixtures/scenarios/atmos-configuration/atmos.d/tools/terraform.yaml
DEBU processStoreConfig atmosConfig.StoresConfig=map[]
DEBU no matches found for glob pattern path=/absolute/path/to/repo/tests/fixtures/scenarios/atmos-configuration/.atmos.d/**/*.yaml error="failed to find a match for the import '/absolute/path/to/repo/tests/fixtures/scenarios/atmos-configuration/.atmos.d/**/*.yaml' ('/absolute/path/to/repo/tests/fixtures/scenarios/atmos-configuration/.atmos.d' + '**/*.yaml')"
DEBU no matches found for glob pattern path=/absolute/path/to/repo/tests/fixtures/scenarios/atmos-configuration/.atmos.d/**/*.yml error="failed to find a match for the import '/absolute/path/to/repo/tests/fixtures/scenarios/atmos-configuration/.atmos.d/**/*.yml' ('/absolute/path/to/repo/tests/fixtures/scenarios/atmos-configuration/.atmos.d' + '**/*.yml')"
DEBU Failed to find atmos config file path=/absolute/path/to/repo/tests/fixtures/scenarios/atmos-configuration/.atmos.d/**/* error="failed to find matching files: no files matching patterns found"
DEBU atmos merged config path=/absolute/path/to/repo/tests/fixtures/scenarios/atmos-configuration/atmos.d/commands.yaml
DEBU atmos merged config path=/absolute/path/to/repo/tests/fixtures/scenarios/atmos-configuration/atmos.d/logs.yaml
DEBU atmos merged config path=/absolute/path/to/repo/tests/fixtures/scenarios/atmos-configuration/atmos.d/tools/helmfile.yml
DEBU atmos merged config path=/absolute/path/to/repo/tests/fixtures/scenarios/atmos-configuration/atmos.d/tools/stack.yaml
DEBU atmos merged config path=/absolute/path/to/repo/tests/fixtures/scenarios/atmos-configuration/atmos.d/tools/terraform.yaml
DEBU processStoreConfig atmosConfig.StoresConfig=map[]
