
Validate all files against the project's EditorConfig rules                                                                                                                                                                                                                                                                                                                                                                                                                                                                                                                                                                                                                                                                                                                                                                                                                                                                                                                                                                             

Usage:

  atmos validate editorconfig [flags]


Flags:

        --disable-end-of-line                 Disable end-of-line check (default
                                              false)

        --disable-indent-size                 Disable indent size check (default
                                              false)

        --disable-indentation                 Disable indentation check (default
                                              false)

        --disable-insert-final-newline        Disable final newline check
                                              (default false)

        --disable-max-line-length             Disable max line length check
                                              (default false)

        --disable-trim-trailing-whitespace    Disable trailing whitespace check
                                              (default false)

        --dry-run                             Show which files would be checked
                                              (default false)

        --exclude string                      Regex to exclude files from
                                              checking

        --format string                       Specify the output format:
                                              default, gcc (default default)

    -h, --help                                help for editorconfig

        --ignore-defaults                     Ignore default excludes (default
                                              false)

        --init                                Create an initial configuration
                                              (default false)

        --no-color                            Don't print colors (default
                                              false)

        --version                             Print the version number (default
                                              false)


Global Flags:

        --base-path string                       Base path for components,
                                                 stacks and workflows
                                                 configurations.

        --config stringSlice                     Paths to configuration files
                                                 (comma-separated or repeated
                                                 flag) (default [])

        --config-path stringSlice                Paths to configuration
                                                 directories (comma-separated or
                                                 repeated flag) (default [])

        --logs-file string                       The file to write Atmos logs
                                                 to. Logs can be written to any
                                                 file or any standard file
                                                 descriptor, including
                                                 /dev/stdout, /dev/stderr
                                                 and /dev/null (default
                                                 /dev/stderr)

        --logs-level string                      Logs level. Supported log
                                                 levels are Trace, Debug, Info,
                                                 Warning, Off. If the log level
                                                 is set to Off, Atmos will not
                                                 log any messages (default
                                                 Info)

        --redirect-stderr string                 File descriptor to redirect
                                                 stderr to. Errors can be
                                                 redirected to any file or any
                                                 standard file descriptor
                                                 (including /dev/null)

        --settings-list-merge-strategy string    Specifies the merge strategy
                                                 for lists in settings files.
                                                 Supported values are append,
                                                 merge and replace. (default
                                                 replace)

        --stacks-base-path string                Base path for stacks
                                                 configurations.

        --stacks-dir string                      Base path for stacks
                                                 configurations. (Depricated)


Use atmos validate editorconfig --help for more information about a command.                                                                                                                                                                                                                                                                                                                                                                                                                                                                                                                                                                                                                                                                                                                                                                                                                                                                                                                                                            


