
This command allows you to execute Terraform commands, such as plan, apply, and destroy, using Atmos stack configurations for consistent infrastructure management.                                                                                                                                                                                                                                                                                                                                                                                                                                                                                                                                                                                                                                                                                                                                                                                                                                                                     

Usage:

  atmos terraform [sub-command] [flags]

Aliases:

  terraform, tf


Available Commands:

  clean                          Clean up Terraform state and artifacts.
  deploy                         Deploy the specified infrastructure using Terraform
  generate                       Generate Terraform configuration files for Atmos components and stacks.
  shell                          Configure an environment for an Atmos component and start a new shell.
  varfile                        Load variables from a file
  write                          Write variables to a file

Native terraform Commands:

  apply                          Apply changes to infrastructure
  console                        Try Terraform expressions at an interactive command prompt
  destroy                        Destroy previously-created infrastructure
  fmt                            Reformat your configuration in the standard style
  force-unlock                   Release a stuck lock on the current workspace
  get                            Install or upgrade remote Terraform modules
  graph                          Generate a Graphviz graph of the steps in an operation
  import                         Import existing infrastructure into Terraform state.
  init                           Prepare your working directory for other commands
  login                          Obtain and save credentials for a remote host
  logout                         Remove locally-stored credentials for a remote host
  metadata                       Metadata related commands
  modules                        Show all declared modules in a working directory
  output                         Show output values from your root module
  plan                           Show changes required by the current configuration
  providers                      Show the providers required for this configuration
  refresh                        Update the state to match remote systems
  show                           Show the current state or a saved plan
  state                          Advanced state management
  taint                          Mark a resource instance as not fully functional
  test                           Execute integration tests for Terraform modules
  untaint                        Remove the 'tainted' state from a resource instance
  validate                       Check whether the configuration is valid
  version                        Show the current Terraform version
  workspace                      Manage Terraform workspaces


Flags:

        --append-user-agent string    Sets the TF_APPEND_USER_AGENT environment
                                      variable to customize the User-Agent
                                      string in Terraform provider requests.
                                      Example: Atmos/test (Cloud Posse;
                                      +https://atmos.tools). This flag works
                                      with almost all commands.

    -h, --help                        help for terraform

        --skip-init                   Skip running terraform init before
                                      executing the command (default false)

    -s, --stack string                The stack flag specifies the environment
                                      or configuration set for deployment in
                                      Atmos CLI.

        --                            Use double dashes to separate
                                      Atmos-specific options from native
                                      arguments and flags for the command.


Global Flags:

        --logs-file string          The file to write Atmos logs to. Logs can be
                                    written to any file or any standard file
                                    descriptor, including /dev/stdout,
                                    /dev/stderr and /dev/null (default
                                    /dev/stderr)

        --logs-level string         Logs level. Supported log levels are Trace,
                                    Debug, Info, Warning, Off. If the log level
                                    is set to Off, Atmos will not log any
                                    messages (default Info)

        --redirect-stderr string    File descriptor to redirect stderr to.
                                    Errors can be redirected to any file or any
                                    standard file descriptor (including
                                    /dev/null)


Examples:

â€“ Execute a terraform subcommand                                                                                                                                                                                                                                                                                                                                                                                                                                                                                                                                                                                                                                                                                                                                                                                                                                                                                                                                                                                                        
  $ atmos terraform [subcommand] <component-name> -s <stack-name>                                                                                                                                                                                                                                                                                                                                                                                                                                                                                                                                                                                                                                                                                                                                                                                                                                                                                                                                                                       


Use atmos terraform [subcommand] --help for more information about a command.                                                                                                                                                                                                                                                                                                                                                                                                                                                                                                                                                                                                                                                                                                                                                                                                                                                                                                                                                           


