No valid subcommands found

Run 'atmos about --help' for usage
