DEBU Using command line argument '--logs-level=Debug'
DEBU processStoreConfig atmosConfig.StoresConfig=map[]
DEBU processStoreConfig atmosConfig.StoresConfig=map[]
DEBU processStoreConfig atmosConfig.StoresConfig=map[]
INFO Vendoring from 'vendor.yaml'
WARN No TTY detected. Falling back to basic output. This can happen when no terminal is attached or when commands are pipelined.
DEBU CustomGitDetector.Detect called
DEBU Defaulting to https scheme url="https://github.com/cloudposse/terraform-null-label.git?ref=0.25.0"
DEBU Reading config param InjectGithubToken=true
DEBU Injected token env=ATMOS_GITHUB_TOKEN url="https://xxx:xxx@github.com/cloudposse/terraform-null-label.git?ref=0.25.0"
DEBU Final transformation url="git::https://xxx:xxx@github.com/cloudposse/terraform-null-label.git?depth=1&ref=0.25.0"
DEBU Including path='.github'
DEBU Including path='.github/CODEOWNERS'
DEBU Including path='.github/ISSUE_TEMPLATE'
DEBU Including path='.github/ISSUE_TEMPLATE/bug_report.md'
DEBU Including path='.github/ISSUE_TEMPLATE/config.yml'
DEBU Including path='.github/ISSUE_TEMPLATE/feature_request.md'
DEBU Including path='.github/ISSUE_TEMPLATE/question.md'
DEBU Including path='.github/PULL_REQUEST_TEMPLATE.md'
DEBU Including path='.github/auto-release.yml'
DEBU Including path='.github/workflows'
DEBU Including path='.github/workflows/auto-format.yml'
DEBU Including path='.github/workflows/auto-release.yml'
DEBU Including path='.github/workflows/chatops.yml'
DEBU Including path='.github/workflows/validate-codeowners.yml'
DEBU Including path='.gitignore'
DEBU Including path='LICENSE'
DEBU Including path='Makefile'
DEBU Including path='README.md'
DEBU Including path='README.yaml'
DEBU Including path='descriptors.tf'
DEBU Including path='docs'
DEBU Including path='docs/targets.md'
DEBU Including path='docs/terraform.md'
DEBU Including path='examples'
DEBU Including path='examples/autoscalinggroup'
DEBU Including path='examples/autoscalinggroup/.gitignore'
DEBU Including path='examples/autoscalinggroup/autoscalinggroup.auto.tfvars'
DEBU Including path='examples/autoscalinggroup/context.tf'
DEBU Including path='examples/autoscalinggroup/main.tf'
DEBU Including path='examples/autoscalinggroup/outputs.tf'
DEBU Including path='examples/autoscalinggroup/versions.tf'
DEBU Including path='examples/complete'
DEBU Including path='examples/complete/.gitignore'
DEBU Including path='examples/complete/compatibility.tf'
DEBU Including path='examples/complete/complete.auto.tfvars'
DEBU Including path='examples/complete/context.tf'
DEBU Including path='examples/complete/descriptors.tf'
DEBU Including path='examples/complete/label1.tf'
DEBU Including path='examples/complete/label1t1.tf'
DEBU Including path='examples/complete/label1t2.tf'
DEBU Including path='examples/complete/label2.tf'
DEBU Including path='examples/complete/label3c.tf'
DEBU Including path='examples/complete/label3n.tf'
DEBU Including path='examples/complete/label4.tf'
DEBU Including path='examples/complete/label5.tf'
DEBU Including path='examples/complete/label6f.tf'
DEBU Including path='examples/complete/label6t.tf'
DEBU Including path='examples/complete/label7.tf'
DEBU Including path='examples/complete/label8d.tf'
DEBU Including path='examples/complete/label8dcd.tf'
DEBU Including path='examples/complete/label8dnd.tf'
DEBU Including path='examples/complete/label8l.tf'
DEBU Including path='examples/complete/label8n.tf'
DEBU Including path='examples/complete/label8t.tf'
DEBU Including path='examples/complete/label8u.tf'
DEBU Including path='examples/complete/module'
DEBU Including path='examples/complete/module/compare'
DEBU Including path='examples/complete/module/compare/compare.tf'
DEBU Including path='examples/complete/versions.tf'
DEBU Including path='exports'
DEBU Including path='exports/context.tf'
DEBU Including path='main.tf'
DEBU Including path='outputs.tf'
DEBU Including path='test'
DEBU Including path='test/.gitignore'
DEBU Including path='test/Makefile'
DEBU Including path='test/Makefile.alpine'
DEBU Including path='test/src'
DEBU Including path='test/src/.gitignore'
DEBU Including path='test/src/Makefile'
DEBU Including path='test/src/examples_complete_test.go'
DEBU Including path='test/src/go.mod'
DEBU Including path='test/src/go.sum'
DEBU Including path='variables.tf'
DEBU Including path='versions.tf'
INFO ✓ terraform-null-label-basic (0.25.0)
DEBU Including path='terraform-null-label.git'
INFO ✓ terraform-null-label-direct (0.25.0)
DEBU Including path='terraform-null-label.git'
INFO ✓ terraform-null-label-cred (0.25.0)
INFO Vendored 3 components.

