
atmos.yaml CLI config file specifies the directory for Atmos stacks as stacks,
but the directory does not exist.
