ERRO `stack` is required.

Usage:

`atmos helmfile <command> <component> -s <stack>`
