 Successfully authenticated

Access Key ID: AKIAIOSFODNN7EXAMPLE
Provider: mock-provider
Identity: mock-identity
Region: us-east-1
Expires: 2025-01-01 00:00:00 UTC
