]11;?\[6n]10;?\[6n]11;?\[6n]11;?\[6n]11;?\[6n[38;2;155;81;224;1m[0m[38;2;155;81;224;1m[0m[38;2;155;81;224;1mNotice:[0m[38;2;255;255;255m Telemetry Enabled - Atmos now collects completely anonymous telemetry regarding usage. This information is used to shape the Atmos roadmap and prioritize features. You can learn more, including how to opt out if you'd not like to participate in this anonymous program, by visiting: [0m[38;2;0;163;224;4mhttps://atmos.tools/cli/telemetry[0m
[38;2;95;95;215m┏[0m[38;2;95;95;215m━━━━━━━━━━━━━━━[0m[38;2;95;95;215m┳[0m[38;2;95;95;215m━━━━━━━━━[0m[38;2;95;95;215m┓[0m
[38;2;95;95;215m┃[0m   [1;38;2;0;255;0mComponent[0m   [38;2;95;95;215m┃[0m  [1;38;2;0;255;0mStack[0m  [38;2;95;95;215m┃[0m
[38;2;95;95;215m┣[0m[38;2;95;95;215m━━━━━━━━━━━━━━━[0m[38;2;95;95;215m╋[0m[38;2;95;95;215m━━━━━━━━━[0m[38;2;95;95;215m┫[0m
[38;2;95;95;215m┃[0m [38;2;255;255;255mmock/disabled[0m [38;2;95;95;215m┃[0m [38;2;255;255;255mnonprod[0m [38;2;95;95;215m┃[0m
[38;2;95;95;215m┃[0m [38;2;255;255;255mmock/drift[0m    [38;2;95;95;215m┃[0m [38;2;255;255;255mnonprod[0m [38;2;95;95;215m┃[0m
[38;2;95;95;215m┃[0m [38;2;255;255;255mmock/nodrift[0m  [38;2;95;95;215m┃[0m [38;2;255;255;255mnonprod[0m [38;2;95;95;215m┃[0m
[38;2;95;95;215m┃[0m [38;2;255;255;255mmock/drift[0m    [38;2;95;95;215m┃[0m [38;2;255;255;255mprod[0m    [38;2;95;95;215m┃[0m
[38;2;95;95;215m┃[0m [38;2;255;255;255mmock/nodrift[0m  [38;2;95;95;215m┃[0m [38;2;255;255;255mprod[0m    [38;2;95;95;215m┃[0m
[38;2;95;95;215m┗[0m[38;2;95;95;215m━━━━━━━━━━━━━━━[0m[38;2;95;95;215m┻[0m[38;2;95;95;215m━━━━━━━━━[0m[38;2;95;95;215m┛[0m
