

Usage:

  atmos terraform apply [flags]


Examples:

atmos terraform apply <component> -s <stack>


Flags:

        --from-plan          If set atmos will use the previously generated plan
                             file (default "false")

    -h, --help               help for apply (default "false")

        --planfile string    Set the plan file to use


Global Flags:

        --append-user-agent string    Sets the TF_APPEND_USER_AGENT environment
                                      variable to customize the User-Agent
                                      string in Terraform provider requests.
                                      Example: 'Atmos/%s (Cloud Posse;
                                      +https://atmos.tools)'. This flag works
                                      with almost all commands.

        --logs-file string            The file to write Atmos logs to. Logs can
                                      be written to any file or any standard
                                      file descriptor, including '/dev/stdout',
                                      '/dev/stderr' and '/dev/null' (default
                                      "/dev/stdout")

        --logs-level string           Logs level. Supported log levels are
                                      Trace, Debug, Info, Warning, Off. If the
                                      log level is set to Off, Atmos will not
                                      log any messages (default "Info")

        --redirect-stderr string      File descriptor to redirect 'stderr' to.
                                      Errors can be redirected to any file or
                                      any standard file descriptor (including
                                      '/dev/null'): atmos <command>
                                      --redirect-stderr /dev/stdout

        --skip-init                   Skip running 'terraform init' before
                                      executing the command (default "false")

    -s, --stack string                atmos terraform <terraform_command>
                                      <component> -s <stack>

The '--' (double-dash) can be used to signify the end of Atmos-specific options 
and the beginning of additional native arguments and flags for the specific command being run.

Example:
  atmos terraform apply  <component> -s <stack> -- <native-flags>
