
# Incorrect Usage

invalid arguments: The command atmos atlantis requires a subcommand

Valid subcommands are:

â€¢ generate

## Hints

ğŸ’¡ Run atmos atlantis --help for usage


