
**Notice:** Telemetry Enabled - Atmos now collects anonymous telemetry regarding usage. This information is used to shape the Atmos roadmap and prioritize features. You can learn more, including how to opt out if you'd prefer not to participate in this anonymous program, by visiting: https://atmos.tools/cli/telemetry

# Error

**Error:** no workflow found

## Explanation

No workflow exists with the name pla.

## Available workflows:

â€¢ terraform-plan-all-tenant1-ue2-dev
â€¢ terraform-plan-all-test-components
â€¢ terraform-plan-test-component-override-2-all-stacks
â€¢ terraform-plan-test-component-override-3-all-stacks
â€¢ test-1

## Example

 # List all available workflows
 atmos describe workflows

 # Run a specific workflow
 atmos workflow deploy-vpc -f stacks/workflows/deploy.yaml

## Hints

ðŸ’¡ Use atmos describe workflows to see detailed workflow definitions

ðŸ’¡ Run a workflow: atmos workflow <name> -f stacks/workflows/workflow1.yaml


