Executing workflow 'shell-pass' from 'stacks/workflows/test.yaml'...

