Error: Unknown command `invalid-command` for `atmos auth`

Valid subcommands are:
* env
* exec
* login
* user
* validate
* whoami


Run `atmos auth --help` for usage
