/Users/erik/Dev/cloudposse/tools/atmos/build/atmos
