INFO Executing the workflow workflow=pass path=stacks/workflows/test.yaml
