No valid subcommands found

Run 'atmos atlantis generate repo-config --help' for usage
