Valid subcommands are:
  apply
  destroy
  diff
  generate
  sync

Run 'atmos helmfile --help' for usage
