Error: Unknown command `help` for `atmos validate editorconfig`


Run `atmos validate editorconfig --help` for usage

# Error

unknown command


