FATA Invalid log level `XTrace`. Valid options are: [Trace Debug Info Warning Off]
