atmos_cli_config:
  base_path: ./
  components:
    terraform:
      base_path: ../../components/terraform
      apply_auto_approve: false
      append_user_agent: Atmos/test (Cloud Posse; +https://atmos.tools)
      deploy_run_init: true
      init_run_reconfigure: true
      auto_generate_backend_file: false
      command: ""
      shell:
        prompt: ""
      init:
        pass_vars: false
      plan:
        skip_planfile: false
    helmfile:
      base_path: ""
      use_eks: true
      kubeconfig_path: ""
      helm_aws_profile_pattern: ""
      cluster_name_pattern: ""
      command: ""
    packer:
      base_path: ""
      command: ""
  stacks:
    base_path: stacks
    included_paths:
      - deploy/**/*
    excluded_paths:
      - '**/_defaults.yaml'
    name_pattern: ""
    name_template: '{{ .vars.stage }}'
  workflows:
    base_path: stacks/workflows
    list:
      format: ""
      columns: []
atmos_component: c1
atmos_manifest: deploy/sandbox
atmos_stack: sandbox
atmos_stack_file: deploy/sandbox
backend: {}
backend_type: ""
cli_args:
  - describe
  - component
command: terraform
component: c1
component_info:
  component_path: ../../components/terraform/c1
  component_type: terraform
  terraform_config:
    path: ../../components/terraform/c1
    variables: {}
    outputs: {}
    requiredcore: []
    requiredproviders: {}
    providerconfigs: {}
    managedresources: {}
    dataresources: {}
    modulecalls: {}
    diagnostics:
      - severity: 69
        summary: Failed to read directory
        detail: Directory ../../components/terraform/c1 does not exist or cannot be read.
        pos: null
component_type: terraform
deps:
  - catalog/c1
  - deploy/sandbox
deps_all:
  - catalog/c1
  - deploy/sandbox
env: {}
hooks: {}
imports:
  - catalog/c1
  - teams/team1
  - teams/team2
inheritance: []
metadata: {}
overrides:
  vars:
    test:
      a: a-team2
      b: b-team2
      c: c-team1
providers: {}
remote_state_backend: {}
remote_state_backend_type: ""
settings: {}
sources:
  backend: {}
  env: {}
  settings: {}
  vars:
    stage:
      final_value: sandbox
      name: stage
      stack_dependencies:
        - dependency_type: inline
          stack_file: deploy/sandbox
          stack_file_section: vars
          variable_value: sandbox
    test:
      final_value:
        a: a-team2
        b: b-team2
        c: c-team1
        d: d
      name: test
      stack_dependencies:
        - dependency_type: import
          stack_file: catalog/c1
          stack_file_section: components.terraform.vars
          variable_value:
            a: a
            b: b
            c: c
            d: d
stack: sandbox
tf_cli_vars: {}
vars:
  stage: sandbox
  test:
    a: a-team2
    b: b-team2
    c: c-team1
    d: d
workspace: sandbox

